<!DOCTYPE html>
<html lang="en">
<head>
  <meta charset="UTF-8">
  <meta name="viewport" content="width=device-width, initial-scale=1, shrink-to-fit=no">
  <title>layout</title>
  <link rel="stylesheet" href="css/normalize.css">
  <link rel="stylesheet" href="css/style.css">
  <link rel="stylesheet" href="https://use.fontawesome.com/releases/v5.0.13/css/all.css" integrity="sha384-DNOHZ68U8hZfKXOrtjWvjxusGo9WQnrNx2sqG0tfsghAvtVlRW3tvkXWZh58N9jp" crossorigin="anonymous">
</head>
<body>
  <header id="header">
      <div class="header__one">
      <div class="logo"><img src="img/logo.png" alt=""></div>
      <div class="menu">
        <ul class="menu__list">
          <li class="menu__item"><a class="go_to" href="#header">home</a></li>
          <li class="menu__item"><a class="go_to" href="#services">services</a></li>
          <li class="menu__item"><a class="go_to" href="#portfolio">portfolio</a></li>
          <li class="menu__item"><a class="go_to" href="#about">about</a></li>
          <li class="menu__item"><a class="go_to" href="#social">social</a></li>
        </ul>
        </div>
      </div>
      <div class="title">
        <div class="title__first">Welcome to our studio!</div>
        <h1>It’s nice to Meet you</h1>
      </div>
      <div class="button"><a href="">tell me more</a></div>
  </header>
    <main>
      <section Id="services">
        <div class="services__title">
          <h2>SERVICES</h2>
          <p>Proin iaculis purus consequat sem cure. </p>
        </div>
        <div class="services__list">
          <div class="services__item">
            <img src="img/icon1.png" alt="">
            <h3>E-Commerce</h3>
            <p>Proin iaculis purus consequat sem cure
              digni ssim. Donec porttitora entum suscipit
              aenean rhoncus posuere odio in tincidunt.</p>
          </div>
          <div class="services__item">
            <img src="img/icon2.png" alt="">
            <h3>Responsive Web</h3>
            <p>Proin iaculis purus consequat sem cure
              digni ssim. Donec porttitora entum suscipit
              aenean rhoncus posuere odio in tincidunt.</p>
          </div>
          <div class="services__item">
            <img src="img/icon3.png" alt="">
            <h3>Web Security</h3>
            <p>Proin iaculis purus consequat sem cure
              digni ssim. Donec porttitora entum suscipit
              aenean rhoncus posuere odio in tincidunt.</p>
          </div>
        </div>
      </section>
      <section id="portfolio">
        <div class="container">
          <div class="portfolio__title">
            <h2>OUR PORTFOLIO</h2>
            <p>Proin iaculis purus consequat sem cure. </p>
          </div>
          <div class="portfolio__list">
            <img src="img/img1.jpg" alt="">
            <img src="img/img2.jpg" alt="">
            <img src="img/img3.jpg" alt="">
          </div>
        </div>
      </section>
      <section id="about">
        <div class="about__title">
          <h2>About Us</h2>
          <p>Proin iaculis purus consequat sem cure. </p>
        </div>
        <div class="about__list">
          <div class="about__item1">
            <div class="item__info">
             <h3>July 2010 Our Humble Beginnings</h3>
              <p>Proin iaculis purus consequat sem cure
                  digni ssim. Donec porttitora entum suscipit
                  aenean rhoncus posuere odio in tincidunt. Proin
                  iaculis purus consequat sem cure digni
                  ssim. Donec porttitora entum suscipit.</p>
            </div>
            <div class="item__img">
              <img src="img/about1.jpg" alt="">
            </div>
          </div>
                   <div class="about__item2">
            <div class="item__img">
              <img src="img/about2.jpg" alt="">
            </div>
            <div class="item__info2">
              <h3>January 2011 Facing Startup Battles</h3>
              <p>Proin iaculis purus consequat sem cure
                  digni ssim. Donec porttitora entum suscipit
                  aenean rhoncus posuere odio in tincidunt. Proin
                  iaculis purus consequat sem cure digni
                  ssim. Donec porttitora entum suscipit aenean
                  rhoncus posuere odio in tincidunt.
              </p>
            </div>
          </div>
                   <div class="about__item1">
            <div class="item__info">
              <h3>December 2012 Enter The Dark Days</h3>
              <p>Proin iaculis purus consequat sem cure
                  digni ssim. Donec porttitora entum suscipit
                  aenean rhoncus posuere odio in tincidunt. Proin
                  iaculis purus consequat sem cure digni.
                </p>
            </div>
            <div class="item__img">
              <img src="img/about3.jpg" alt="">
            </div>
          </div>
                   <div class="about__item2">
            <div class="item__img">
              <img src="img/about4.jpg" alt="">
            </div>
            <div class="item__info2">
              <h3>FEBRUARY 2014 Our Triumph</h3>
              <p>Proin iaculis purus consequat sem cure
                  digni ssim. Donec porttitora entum suscipit
                  aenean rhoncus posuere odio in tincidunt. Proin
                  iaculis purus consequat sem cure digni
                  ssim. Donec porttitora entum suscipit aenean.
                </p>
            </div>
          </div>
        </div>
      </section>
      </main>
      <footer id="social">
        <div class="social__item">
          <a href=""><i class="fab fa-vk"></i></a>
          <a href=""><i class="fab fa-twitter"></i></a>
          <a href=""><i class="fab fa-instagram"></i></a>
        </div>
        <p>© Copyright 2014 FreebiesXpress.com</p>
      </footer>
  <script src="js/jquery-3.3.1.min.js"></script>
  <script src="js/js.js"></script>
</body>
</html>